// Jest Snapshot v1, https://goo.gl/fbAQLP

exports[`React Dropper component should render successfully 1`] = `ShallowWrapper {}`;

exports[`React Dropper component should render successfully 2`] = `ShallowWrapper {}`;

exports[`React Dropper component should render successfully with default props 1`] = `ShallowWrapper {}`;
